// Jest Snapshot v1, https://goo.gl/fbAQLP

exports[`Header component renders without error 1`] = `
<header
  className="Header"
>
  <h1>
    Noteful
  </h1>
</header>
`;
