// Jest Snapshot v1, https://goo.gl/fbAQLP

exports[`ViewFolder component renders without error 1`] = `
<Fragment>
  <withRouter(FolderList) />
  <withRouter(NoteList) />
</Fragment>
`;
