// Jest Snapshot v1, https://goo.gl/fbAQLP

exports[`FolderView component renders without error 1`] = `
<div>
  FolderView
</div>
`;
