// Jest Snapshot v1, https://goo.gl/fbAQLP

exports[`FolderList component renders without error 1`] = `
<section
  className="FolderList"
>
  <ul />
</section>
`;
