// Jest Snapshot v1, https://goo.gl/fbAQLP

exports[`InputError component renders without error 1`] = `<Fragment />`;
