// Jest Snapshot v1, https://goo.gl/fbAQLP

exports[`NoteView component renders without error 1`] = `
<div>
  NoteView
</div>
`;
