// Jest Snapshot v1, https://goo.gl/fbAQLP

exports[`Folder component renders without error 1`] = `
<li
  className="Folder"
>
  <NavLink
    className="Folder__link"
    to="/folder/1"
  >
    <h2
      className="Folder__title"
    >
      Folder
    </h2>
  </NavLink>
</li>
`;
