// Jest Snapshot v1, https://goo.gl/fbAQLP

exports[`AddNote component renders without error 1`] = `
<div>
  AddNote
</div>
`;
