// Jest Snapshot v1, https://goo.gl/fbAQLP

exports[`Folder component renders without error 1`] = `
<div>
  Folder
</div>
`;
