// Jest Snapshot v1, https://goo.gl/fbAQLP

exports[`AddFolder component renders without error 1`] = `
<Fragment>
  <div>
    Add Folder
  </div>
</Fragment>
`;
