// Jest Snapshot v1, https://goo.gl/fbAQLP

exports[`Note component renders without error 1`] = `
<div>
  Note
</div>
`;
