// Jest Snapshot v1, https://goo.gl/fbAQLP

exports[`NoteListHeader component renders without error 1`] = `
<ContextConsumer>
  <Component />
</ContextConsumer>
`;
