// Jest Snapshot v1, https://goo.gl/fbAQLP

exports[`App component renders without error 1`] = `
<Fragment>
  <Header />
  <main
    className="App"
  >
    <ContextProvider
      value={
        Object {
          "deleteNote": [Function],
          "folders": Array [],
          "notes": Array [],
        }
      }
    >
      <Route
        component={[Function]}
        exact={true}
        path="/"
      />
      <Route
        component={[Function]}
        path="/folder/:folderId"
      />
      <Route
        component={[Function]}
        path="/add-folder/"
      />
      <Route
        component={[Function]}
        path="/note/:noteId"
      />
    </ContextProvider>
  </main>
</Fragment>
`;
